// Jest Snapshot v1, https://goo.gl/fbAQLP

exports[`expect to render Card component  1`] = `
"<div className=\\"tc grow bg-light-green dib br3 pa3 ma2 grow bw2 shadow5 \\">
  <img src=\\"https://robohash.org/undefined?size=200x200\\" alt=\\"robots\\" />
  <div>
    <h2 />
    <p />
  </div>
</div>"
`;
